Archive member included to satisfy reference by file (symbol)

C:/devkitPro/libnds/lib\libnds7.a(system.o)
                              template.o (installSystemFIFO)
C:/devkitPro/libnds/lib\libnds7.a(clock.o)
                              C:/devkitPro/libnds/lib\libnds7.a(system.o) (resyncClock)
C:/devkitPro/libnds/lib\libnds7.a(spi.o)
                              template.o (writePowerManagement)
C:/devkitPro/libnds/lib\libnds7.a(firmware.o)
                              C:/devkitPro/libnds/lib\libnds7.a(system.o) (firmwareMsgHandler)
C:/devkitPro/libnds/lib\libnds7.a(userSettings.o)
                              template.o (readUserSettings)
C:/devkitPro/libnds/lib\libnds7.a(card.twl.o)
                              C:/devkitPro/libnds/lib\libnds7.a(system.o) (twlEnableSlot1)
C:/devkitPro/libnds/lib\libnds7.a(input.o)
                              template.o (inputGetAndSend)
C:/devkitPro/libnds/lib\libnds7.a(interrupts.o)
                              template.o (setPowerButtonCB)
C:/devkitPro/libnds/lib\libnds7.a(libnds_exit.arm.o)
                              c:/devkitpro/devkitarm/bin/../lib/gcc/arm-none-eabi/12.1.0/../../../../arm-none-eabi/lib/thumb/ds_arm7_crt0.o (__libnds_exit)
C:/devkitPro/libnds/lib\libnds7.a(fifosystem.o)
                              C:/devkitPro/libnds/lib\libnds7.a(system.o) (fifoSendValue32)
C:/devkitPro/libnds/lib\libnds7.a(intrwait.o)
                              template.o (swiWaitForVBlank)
C:/devkitPro/libnds/lib\libnds7.a(interruptDispatcher.o)
                              C:/devkitPro/libnds/lib\libnds7.a(interrupts.o) (IntrMain)
C:/devkitPro/libnds/lib\libnds7.a(biosCalls.o)
                              C:/devkitPro/libnds/lib\libnds7.a(system.o) (swiDelay)
C:/devkitPro/libnds/lib\libnds7.a(swiSoftReset.o)
                              C:/devkitPro/libnds/lib\libnds7.a(fifosystem.o) (swiSoftReset)
C:/devkitPro/libnds/lib\libnds7.a(i2c.twl.o)
                              C:/devkitPro/libnds/lib\libnds7.a(interrupts.o) (i2cWriteRegister)
C:/devkitPro/libnds/lib\libnds7.a(sdmmc.twl.o)
                              C:/devkitPro/libnds/lib\libnds7.a(system.o) (sdmmcMsgHandler)
C:/devkitPro/libnds/lib\libnds7.a(touch.o)
                              C:/devkitPro/libnds/lib\libnds7.a(input.o) (touchPenDown)
C:/devkitPro/libnds/lib\libnds7.a(codec.twl.o)
                              C:/devkitPro/libnds/lib\libnds7.a(touch.o) (cdcTouchInit)
C:/devkitPro/libnds/lib\libnds7.a(systemShutDown.o)
                              C:/devkitPro/libnds/lib\libnds7.a(libnds_exit.arm.o) (systemShutDown)
c:/devkitpro/devkitarm/bin/../lib/gcc/arm-none-eabi/12.1.0/thumb\libgcc.a(_thumb1_case_uqi.o)
                              C:/devkitPro/libnds/lib\libnds7.a(sdmmc.twl.o) (__gnu_thumb1_case_uqi)
c:/devkitpro/devkitarm/bin/../lib/gcc/arm-none-eabi/12.1.0/thumb\libgcc.a(_udivsi3.o)
                              C:/devkitPro/libnds/lib\libnds7.a(clock.o) (__aeabi_uidiv)
c:/devkitpro/devkitarm/bin/../lib/gcc/arm-none-eabi/12.1.0/thumb\libgcc.a(_divsi3.o)
                              C:/devkitPro/libnds/lib\libnds7.a(clock.o) (__aeabi_idiv)
c:/devkitpro/devkitarm/bin/../lib/gcc/arm-none-eabi/12.1.0/thumb\libgcc.a(_dvmd_tls.o)
                              c:/devkitpro/devkitarm/bin/../lib/gcc/arm-none-eabi/12.1.0/thumb\libgcc.a(_udivsi3.o) (__aeabi_idiv0)
c:/devkitpro/devkitarm/bin/../lib/gcc/arm-none-eabi/12.1.0/../../../../arm-none-eabi/lib/thumb\libg.a(lib_a-init.o)
                              c:/devkitpro/devkitarm/bin/../lib/gcc/arm-none-eabi/12.1.0/../../../../arm-none-eabi/lib/thumb/ds_arm7_crt0.o (__libc_init_array)
c:/devkitpro/devkitarm/bin/../lib/gcc/arm-none-eabi/12.1.0/../../../../arm-none-eabi/lib/thumb\libg.a(lib_a-memcmp.o)
                              C:/devkitPro/libnds/lib\libnds7.a(firmware.o) (memcmp)
c:/devkitpro/devkitarm/bin/../lib/gcc/arm-none-eabi/12.1.0/../../../../arm-none-eabi/lib/thumb\libg.a(lib_a-memcpy-stub.o)
                              C:/devkitPro/libnds/lib\libnds7.a(clock.o) (memcpy)
c:/devkitpro/devkitarm/bin/../lib/gcc/arm-none-eabi/12.1.0/../../../../arm-none-eabi/lib/thumb\libg.a(lib_a-memset.o)
                              C:/devkitPro/libnds/lib\libnds7.a(input.o) (memset)

Discarded input sections

 .text          0x0000000000000000        0x0 c:/devkitpro/devkitarm/bin/../lib/gcc/arm-none-eabi/12.1.0/../../../../arm-none-eabi/lib/thumb/ds_arm7_crt0.o
 .data          0x0000000000000000        0x0 c:/devkitpro/devkitarm/bin/../lib/gcc/arm-none-eabi/12.1.0/../../../../arm-none-eabi/lib/thumb/ds_arm7_crt0.o
 .bss           0x0000000000000000        0x0 c:/devkitpro/devkitarm/bin/../lib/gcc/arm-none-eabi/12.1.0/../../../../arm-none-eabi/lib/thumb/ds_arm7_crt0.o
 .text          0x0000000000000000        0x0 c:/devkitpro/devkitarm/bin/../lib/gcc/arm-none-eabi/12.1.0/thumb/crti.o
 .data          0x0000000000000000        0x0 c:/devkitpro/devkitarm/bin/../lib/gcc/arm-none-eabi/12.1.0/thumb/crti.o
 .bss           0x0000000000000000        0x0 c:/devkitpro/devkitarm/bin/../lib/gcc/arm-none-eabi/12.1.0/thumb/crti.o
 .text          0x0000000000000000        0x0 c:/devkitpro/devkitarm/bin/../lib/gcc/arm-none-eabi/12.1.0/thumb/crtbegin.o
 .data          0x0000000000000000        0x0 c:/devkitpro/devkitarm/bin/../lib/gcc/arm-none-eabi/12.1.0/thumb/crtbegin.o
 .bss           0x0000000000000000        0x0 c:/devkitpro/devkitarm/bin/../lib/gcc/arm-none-eabi/12.1.0/thumb/crtbegin.o
 .rodata.all_implied_fbits
                0x0000000000000000       0x24 c:/devkitpro/devkitarm/bin/../lib/gcc/arm-none-eabi/12.1.0/thumb/crtbegin.o
 .data.__dso_handle
                0x0000000000000000        0x4 c:/devkitpro/devkitarm/bin/../lib/gcc/arm-none-eabi/12.1.0/thumb/crtbegin.o
 .data          0x0000000000000000        0x0 template.o
 .text          0x0000000000000000        0x0 C:/devkitPro/libnds/lib\libnds7.a(system.o)
 .data          0x0000000000000000        0x0 C:/devkitPro/libnds/lib\libnds7.a(system.o)
 .bss           0x0000000000000000        0x0 C:/devkitPro/libnds/lib\libnds7.a(system.o)
 .text.sleepEnabled
                0x0000000000000000        0xc C:/devkitPro/libnds/lib\libnds7.a(system.o)
 .text          0x0000000000000000        0x0 C:/devkitPro/libnds/lib\libnds7.a(clock.o)
 .data          0x0000000000000000        0x0 C:/devkitPro/libnds/lib\libnds7.a(clock.o)
 .bss           0x0000000000000000        0x0 C:/devkitPro/libnds/lib\libnds7.a(clock.o)
 .text.integerToBCD
                0x0000000000000000       0x2a C:/devkitPro/libnds/lib\libnds7.a(clock.o)
 .text.rtcSetTimeAndDate
                0x0000000000000000       0x26 C:/devkitPro/libnds/lib\libnds7.a(clock.o)
 .text.rtcGetTime
                0x0000000000000000       0x4a C:/devkitPro/libnds/lib\libnds7.a(clock.o)
 .text.rtcSetTime
                0x0000000000000000       0x26 C:/devkitPro/libnds/lib\libnds7.a(clock.o)
 .text          0x0000000000000000        0x0 C:/devkitPro/libnds/lib\libnds7.a(spi.o)
 .data          0x0000000000000000        0x0 C:/devkitPro/libnds/lib\libnds7.a(spi.o)
 .bss           0x0000000000000000        0x0 C:/devkitPro/libnds/lib\libnds7.a(spi.o)
 .text          0x0000000000000000        0x0 C:/devkitPro/libnds/lib\libnds7.a(firmware.o)
 .data          0x0000000000000000        0x0 C:/devkitPro/libnds/lib\libnds7.a(firmware.o)
 .bss           0x0000000000000000        0x0 C:/devkitPro/libnds/lib\libnds7.a(firmware.o)
 .text          0x0000000000000000        0x0 C:/devkitPro/libnds/lib\libnds7.a(userSettings.o)
 .data          0x0000000000000000        0x0 C:/devkitPro/libnds/lib\libnds7.a(userSettings.o)
 .bss           0x0000000000000000        0x0 C:/devkitPro/libnds/lib\libnds7.a(userSettings.o)
 .text          0x0000000000000000        0x0 C:/devkitPro/libnds/lib\libnds7.a(card.twl.o)
 .data          0x0000000000000000        0x0 C:/devkitPro/libnds/lib\libnds7.a(card.twl.o)
 .bss           0x0000000000000000        0x0 C:/devkitPro/libnds/lib\libnds7.a(card.twl.o)
 .text          0x0000000000000000        0x0 C:/devkitPro/libnds/lib\libnds7.a(input.o)
 .data          0x0000000000000000        0x0 C:/devkitPro/libnds/lib\libnds7.a(input.o)
 .bss           0x0000000000000000        0x0 C:/devkitPro/libnds/lib\libnds7.a(input.o)
 .bss.Keys      0x0000000000000000        0x1 C:/devkitPro/libnds/lib\libnds7.a(input.o)
 .text          0x0000000000000000        0x0 C:/devkitPro/libnds/lib\libnds7.a(interrupts.o)
 .data          0x0000000000000000        0x0 C:/devkitPro/libnds/lib\libnds7.a(interrupts.o)
 .bss           0x0000000000000000        0x0 C:/devkitPro/libnds/lib\libnds7.a(interrupts.o)
 .text.irqClear
                0x0000000000000000       0x28 C:/devkitPro/libnds/lib\libnds7.a(interrupts.o)
 .text          0x0000000000000000        0x0 C:/devkitPro/libnds/lib\libnds7.a(libnds_exit.arm.o)
 .data          0x0000000000000000        0x0 C:/devkitPro/libnds/lib\libnds7.a(libnds_exit.arm.o)
 .bss           0x0000000000000000        0x0 C:/devkitPro/libnds/lib\libnds7.a(libnds_exit.arm.o)
 .text          0x0000000000000000        0x0 C:/devkitPro/libnds/lib\libnds7.a(fifosystem.o)
 .data          0x0000000000000000        0x0 C:/devkitPro/libnds/lib\libnds7.a(fifosystem.o)
 .bss           0x0000000000000000        0x0 C:/devkitPro/libnds/lib\libnds7.a(fifosystem.o)
 .text.fifoSendAddress
                0x0000000000000000       0x2e C:/devkitPro/libnds/lib\libnds7.a(fifosystem.o)
 .text.fifoGetAddress
                0x0000000000000000       0x4c C:/devkitPro/libnds/lib\libnds7.a(fifosystem.o)
 .text.fifoCheckAddress
                0x0000000000000000       0x20 C:/devkitPro/libnds/lib\libnds7.a(fifosystem.o)
 .text.fifoSetAddressHandler
                0x0000000000000000       0x5c C:/devkitPro/libnds/lib\libnds7.a(fifosystem.o)
 .text.fifoCheckDatamsgLength
                0x0000000000000000       0x34 C:/devkitPro/libnds/lib\libnds7.a(fifosystem.o)
 .text          0x0000000000000000        0x0 C:/devkitPro/libnds/lib\libnds7.a(intrwait.o)
 .data          0x0000000000000000        0x0 C:/devkitPro/libnds/lib\libnds7.a(intrwait.o)
 .bss           0x0000000000000000        0x0 C:/devkitPro/libnds/lib\libnds7.a(intrwait.o)
 .data          0x0000000000000000        0x0 C:/devkitPro/libnds/lib\libnds7.a(interruptDispatcher.o)
 .bss           0x0000000000000000        0x0 C:/devkitPro/libnds/lib\libnds7.a(interruptDispatcher.o)
 .text          0x0000000000000000        0x0 C:/devkitPro/libnds/lib\libnds7.a(biosCalls.o)
 .data          0x0000000000000000        0x0 C:/devkitPro/libnds/lib\libnds7.a(biosCalls.o)
 .bss           0x0000000000000000        0x0 C:/devkitPro/libnds/lib\libnds7.a(biosCalls.o)
 .text.swiDivide
                0x0000000000000000        0x4 C:/devkitPro/libnds/lib\libnds7.a(biosCalls.o)
 .text.swiRemainder
                0x0000000000000000        0x8 C:/devkitPro/libnds/lib\libnds7.a(biosCalls.o)
 .text.swiDivMod
                0x0000000000000000        0xc C:/devkitPro/libnds/lib\libnds7.a(biosCalls.o)
 .text.swiCopy  0x0000000000000000        0x4 C:/devkitPro/libnds/lib\libnds7.a(biosCalls.o)
 .text.swiFastCopy
                0x0000000000000000        0x4 C:/devkitPro/libnds/lib\libnds7.a(biosCalls.o)
 .text.swiSqrt  0x0000000000000000        0x4 C:/devkitPro/libnds/lib\libnds7.a(biosCalls.o)
 .text.swiIsDebugger
                0x0000000000000000        0x4 C:/devkitPro/libnds/lib\libnds7.a(biosCalls.o)
 .text.swiUnpackBits
                0x0000000000000000        0x4 C:/devkitPro/libnds/lib\libnds7.a(biosCalls.o)
 .text.swiDecompressLZSSWram
                0x0000000000000000        0x4 C:/devkitPro/libnds/lib\libnds7.a(biosCalls.o)
 .text.swiDecompressLZSSVramNTR
                0x0000000000000000        0x4 C:/devkitPro/libnds/lib\libnds7.a(biosCalls.o)
 .text.swiDecompressLZSSVramTWL
                0x0000000000000000        0x4 C:/devkitPro/libnds/lib\libnds7.a(biosCalls.o)
 .text.swiDecompressHuffman
                0x0000000000000000        0x4 C:/devkitPro/libnds/lib\libnds7.a(biosCalls.o)
 .text.swiDecompressRLEWram
                0x0000000000000000        0x4 C:/devkitPro/libnds/lib\libnds7.a(biosCalls.o)
 .text.swiDecompressRLEVram
                0x0000000000000000        0x4 C:/devkitPro/libnds/lib\libnds7.a(biosCalls.o)
 .text.swiHalt  0x0000000000000000        0x4 C:/devkitPro/libnds/lib\libnds7.a(biosCalls.o)
 .text.swiGetSineTable
                0x0000000000000000        0x4 C:/devkitPro/libnds/lib\libnds7.a(biosCalls.o)
 .text.swiGetPitchTable
                0x0000000000000000        0x4 C:/devkitPro/libnds/lib\libnds7.a(biosCalls.o)
 .text.swiGetVolumeTable
                0x0000000000000000        0x4 C:/devkitPro/libnds/lib\libnds7.a(biosCalls.o)
 .text.swiSwitchToGBAMode
                0x0000000000000000        0x4 C:/devkitPro/libnds/lib\libnds7.a(biosCalls.o)
 .text.swiSetHaltCR
                0x0000000000000000        0x8 C:/devkitPro/libnds/lib\libnds7.a(biosCalls.o)
 .text          0x0000000000000000        0x0 C:/devkitPro/libnds/lib\libnds7.a(swiSoftReset.o)
 .data          0x0000000000000000        0x0 C:/devkitPro/libnds/lib\libnds7.a(swiSoftReset.o)
 .bss           0x0000000000000000        0x0 C:/devkitPro/libnds/lib\libnds7.a(swiSoftReset.o)
 .text          0x0000000000000000        0x0 C:/devkitPro/libnds/lib\libnds7.a(i2c.twl.o)
 .data          0x0000000000000000        0x0 C:/devkitPro/libnds/lib\libnds7.a(i2c.twl.o)
 .bss           0x0000000000000000        0x0 C:/devkitPro/libnds/lib\libnds7.a(i2c.twl.o)
 .text.i2cGetData
                0x0000000000000000       0x14 C:/devkitPro/libnds/lib\libnds7.a(i2c.twl.o)
 .text          0x0000000000000000        0x0 C:/devkitPro/libnds/lib\libnds7.a(sdmmc.twl.o)
 .data          0x0000000000000000        0x0 C:/devkitPro/libnds/lib\libnds7.a(sdmmc.twl.o)
 .bss           0x0000000000000000        0x0 C:/devkitPro/libnds/lib\libnds7.a(sdmmc.twl.o)
 .text.geterror
                0x0000000000000000        0x8 C:/devkitPro/libnds/lib\libnds7.a(sdmmc.twl.o)
 .text.sdmmc_cardinserted
                0x0000000000000000        0x4 C:/devkitPro/libnds/lib\libnds7.a(sdmmc.twl.o)
 .text.sdmmc_get_cid
                0x0000000000000000       0x6c C:/devkitPro/libnds/lib\libnds7.a(sdmmc.twl.o)
 .text.sdmmc_sdcard_readsectors
                0x0000000000000000       0x1c C:/devkitPro/libnds/lib\libnds7.a(sdmmc.twl.o)
 .text.sdmmc_sdcard_writesectors
                0x0000000000000000       0x1c C:/devkitPro/libnds/lib\libnds7.a(sdmmc.twl.o)
 .text.sdmmc_nand_readsectors
                0x0000000000000000       0x1c C:/devkitPro/libnds/lib\libnds7.a(sdmmc.twl.o)
 .text.sdmmc_nand_writesectors
                0x0000000000000000       0x1c C:/devkitPro/libnds/lib\libnds7.a(sdmmc.twl.o)
 .text          0x0000000000000000        0x0 C:/devkitPro/libnds/lib\libnds7.a(touch.o)
 .data          0x0000000000000000        0x0 C:/devkitPro/libnds/lib\libnds7.a(touch.o)
 .bss           0x0000000000000000        0x0 C:/devkitPro/libnds/lib\libnds7.a(touch.o)
 .text.touchRead
                0x0000000000000000       0x68 C:/devkitPro/libnds/lib\libnds7.a(touch.o)
 .text.touchReadTemperature
                0x0000000000000000       0x30 C:/devkitPro/libnds/lib\libnds7.a(touch.o)
 .text.touchInit
                0x0000000000000000       0xe0 C:/devkitPro/libnds/lib\libnds7.a(touch.o)
 .text          0x0000000000000000        0x0 C:/devkitPro/libnds/lib\libnds7.a(codec.twl.o)
 .data          0x0000000000000000        0x0 C:/devkitPro/libnds/lib\libnds7.a(codec.twl.o)
 .bss           0x0000000000000000        0x0 C:/devkitPro/libnds/lib\libnds7.a(codec.twl.o)
 .text.cdcWriteReg
                0x0000000000000000       0x18 C:/devkitPro/libnds/lib\libnds7.a(codec.twl.o)
 .text.cdcWriteRegMask
                0x0000000000000000       0x28 C:/devkitPro/libnds/lib\libnds7.a(codec.twl.o)
 .text.cdcWriteRegArray
                0x0000000000000000       0x74 C:/devkitPro/libnds/lib\libnds7.a(codec.twl.o)
 .text.cdcTouchInit
                0x0000000000000000       0x88 C:/devkitPro/libnds/lib\libnds7.a(codec.twl.o)
 .text          0x0000000000000000        0x0 C:/devkitPro/libnds/lib\libnds7.a(systemShutDown.o)
 .data          0x0000000000000000        0x0 C:/devkitPro/libnds/lib\libnds7.a(systemShutDown.o)
 .bss           0x0000000000000000        0x0 C:/devkitPro/libnds/lib\libnds7.a(systemShutDown.o)
 .data          0x0000000000000000        0x0 c:/devkitpro/devkitarm/bin/../lib/gcc/arm-none-eabi/12.1.0/thumb\libgcc.a(_thumb1_case_uqi.o)
 .bss           0x0000000000000000        0x0 c:/devkitpro/devkitarm/bin/../lib/gcc/arm-none-eabi/12.1.0/thumb\libgcc.a(_thumb1_case_uqi.o)
 .data          0x0000000000000000        0x0 c:/devkitpro/devkitarm/bin/../lib/gcc/arm-none-eabi/12.1.0/thumb\libgcc.a(_udivsi3.o)
 .bss           0x0000000000000000        0x0 c:/devkitpro/devkitarm/bin/../lib/gcc/arm-none-eabi/12.1.0/thumb\libgcc.a(_udivsi3.o)
 .data          0x0000000000000000        0x0 c:/devkitpro/devkitarm/bin/../lib/gcc/arm-none-eabi/12.1.0/thumb\libgcc.a(_divsi3.o)
 .bss           0x0000000000000000        0x0 c:/devkitpro/devkitarm/bin/../lib/gcc/arm-none-eabi/12.1.0/thumb\libgcc.a(_divsi3.o)
 .data          0x0000000000000000        0x0 c:/devkitpro/devkitarm/bin/../lib/gcc/arm-none-eabi/12.1.0/thumb\libgcc.a(_dvmd_tls.o)
 .bss           0x0000000000000000        0x0 c:/devkitpro/devkitarm/bin/../lib/gcc/arm-none-eabi/12.1.0/thumb\libgcc.a(_dvmd_tls.o)
 .text          0x0000000000000000        0x0 c:/devkitpro/devkitarm/bin/../lib/gcc/arm-none-eabi/12.1.0/../../../../arm-none-eabi/lib/thumb\libg.a(lib_a-init.o)
 .data          0x0000000000000000        0x0 c:/devkitpro/devkitarm/bin/../lib/gcc/arm-none-eabi/12.1.0/../../../../arm-none-eabi/lib/thumb\libg.a(lib_a-init.o)
 .bss           0x0000000000000000        0x0 c:/devkitpro/devkitarm/bin/../lib/gcc/arm-none-eabi/12.1.0/../../../../arm-none-eabi/lib/thumb\libg.a(lib_a-init.o)
 .text          0x0000000000000000        0x0 c:/devkitpro/devkitarm/bin/../lib/gcc/arm-none-eabi/12.1.0/../../../../arm-none-eabi/lib/thumb\libg.a(lib_a-memcmp.o)
 .data          0x0000000000000000        0x0 c:/devkitpro/devkitarm/bin/../lib/gcc/arm-none-eabi/12.1.0/../../../../arm-none-eabi/lib/thumb\libg.a(lib_a-memcmp.o)
 .bss           0x0000000000000000        0x0 c:/devkitpro/devkitarm/bin/../lib/gcc/arm-none-eabi/12.1.0/../../../../arm-none-eabi/lib/thumb\libg.a(lib_a-memcmp.o)
 .text          0x0000000000000000        0x0 c:/devkitpro/devkitarm/bin/../lib/gcc/arm-none-eabi/12.1.0/../../../../arm-none-eabi/lib/thumb\libg.a(lib_a-memcpy-stub.o)
 .data          0x0000000000000000        0x0 c:/devkitpro/devkitarm/bin/../lib/gcc/arm-none-eabi/12.1.0/../../../../arm-none-eabi/lib/thumb\libg.a(lib_a-memcpy-stub.o)
 .bss           0x0000000000000000        0x0 c:/devkitpro/devkitarm/bin/../lib/gcc/arm-none-eabi/12.1.0/../../../../arm-none-eabi/lib/thumb\libg.a(lib_a-memcpy-stub.o)
 .text          0x0000000000000000        0x0 c:/devkitpro/devkitarm/bin/../lib/gcc/arm-none-eabi/12.1.0/../../../../arm-none-eabi/lib/thumb\libg.a(lib_a-memset.o)
 .data          0x0000000000000000        0x0 c:/devkitpro/devkitarm/bin/../lib/gcc/arm-none-eabi/12.1.0/../../../../arm-none-eabi/lib/thumb\libg.a(lib_a-memset.o)
 .bss           0x0000000000000000        0x0 c:/devkitpro/devkitarm/bin/../lib/gcc/arm-none-eabi/12.1.0/../../../../arm-none-eabi/lib/thumb\libg.a(lib_a-memset.o)
 .text          0x0000000000000000        0x0 c:/devkitpro/devkitarm/bin/../lib/gcc/arm-none-eabi/12.1.0/thumb/crtend.o
 .data          0x0000000000000000        0x0 c:/devkitpro/devkitarm/bin/../lib/gcc/arm-none-eabi/12.1.0/thumb/crtend.o
 .bss           0x0000000000000000        0x0 c:/devkitpro/devkitarm/bin/../lib/gcc/arm-none-eabi/12.1.0/thumb/crtend.o
 .rodata.all_implied_fbits
                0x0000000000000000       0x24 c:/devkitpro/devkitarm/bin/../lib/gcc/arm-none-eabi/12.1.0/thumb/crtend.o
 .text          0x0000000000000000        0x0 c:/devkitpro/devkitarm/bin/../lib/gcc/arm-none-eabi/12.1.0/thumb/crtn.o
 .data          0x0000000000000000        0x0 c:/devkitpro/devkitarm/bin/../lib/gcc/arm-none-eabi/12.1.0/thumb/crtn.o
 .bss           0x0000000000000000        0x0 c:/devkitpro/devkitarm/bin/../lib/gcc/arm-none-eabi/12.1.0/thumb/crtn.o

Memory Configuration

Name             Origin             Length             Attributes
ewram            0x0000000002380000 0x0000000000b80000
rom              0x0000000008000000 0x0000000002000000
iwram            0x00000000037f8000 0x0000000000018000
twl_ewram        0x0000000002e80000 0x0000000000070000
twl_iwram        0x0000000003000000 0x0000000000040000
*default*        0x0000000000000000 0xffffffffffffffff

Linker script and memory map

                0x00000000037f8000                __iwram_start = ORIGIN (iwram)
                0x0000000003810000                __iwram_top = (ORIGIN (iwram) + LENGTH (iwram))
                0x000000000380ff00                __sp_irq = (__iwram_top - 0x100)
                0x000000000380fe00                __sp_svc = (__sp_irq - 0x100)
                0x000000000380fd00                __sp_usr = (__sp_svc - 0x100)
                0x0000000003fffff8                __irq_flags = 0x3fffff8
                0x0000000003ffffc0                __irq_flagsaux = 0x3ffffc0
                0x0000000003fffffc                __irq_vector = 0x3fffffc

.twl            0x0000000003000000      0xec4 load address 0x0000000002e80000
                0x0000000002e80000                __arm7i_lma__ = LOADADDR (.twl)
                0x0000000003000000                __arm7i_start__ = .
 *(.twl)
 .twl           0x0000000003000000       0xf0 C:/devkitPro/libnds/lib\libnds7.a(interrupts.o)
                0x0000000003000000                i2cIRQHandler
                0x000000000300005a                irqSetAUX
                0x0000000003000080                irqClearAUX
                0x00000000030000a8                irqDisableAUX
                0x00000000030000cc                irqEnableAUX
 *.twl*(.text .stub .text.* .gnu.linkonce.t.*)
 .text.twlEnableSlot1
                0x00000000030000f0       0x58 C:/devkitPro/libnds/lib\libnds7.a(card.twl.o)
                0x00000000030000f0                twlEnableSlot1
 .text.twlDisableSlot1
                0x0000000003000148       0x4c C:/devkitPro/libnds/lib\libnds7.a(card.twl.o)
                0x0000000003000148                twlDisableSlot1
 .text.i2cWaitBusy
                0x0000000003000194       0x10 C:/devkitPro/libnds/lib\libnds7.a(i2c.twl.o)
 .text.i2cDelay
                0x00000000030001a4       0x18 C:/devkitPro/libnds/lib\libnds7.a(i2c.twl.o)
                0x00000000030001a4                i2cDelay
 .text.i2cStop  0x00000000030001bc       0x40 C:/devkitPro/libnds/lib\libnds7.a(i2c.twl.o)
                0x00000000030001bc                i2cStop
 .text.i2cGetResult
                0x00000000030001fc       0x18 C:/devkitPro/libnds/lib\libnds7.a(i2c.twl.o)
                0x00000000030001fc                i2cGetResult
 .text.i2cSetDelay
                0x0000000003000214       0x14 C:/devkitPro/libnds/lib\libnds7.a(i2c.twl.o)
                0x0000000003000214                i2cSetDelay
 .text.i2cSelectDevice
                0x0000000003000228       0x24 C:/devkitPro/libnds/lib\libnds7.a(i2c.twl.o)
                0x0000000003000228                i2cSelectDevice
 .text.i2cSelectRegister
                0x000000000300024c       0x24 C:/devkitPro/libnds/lib\libnds7.a(i2c.twl.o)
                0x000000000300024c                i2cSelectRegister
 .text.i2cWriteRegister
                0x0000000003000270       0x5c C:/devkitPro/libnds/lib\libnds7.a(i2c.twl.o)
                0x0000000003000270                i2cWriteRegister
 .text.i2cReadRegister
                0x00000000030002cc       0x64 C:/devkitPro/libnds/lib\libnds7.a(i2c.twl.o)
                0x00000000030002cc                i2cReadRegister
 .text.setckl   0x0000000003000330       0x34 C:/devkitPro/libnds/lib\libnds7.a(sdmmc.twl.o)
 .text.calcSDSize
                0x0000000003000364       0x5e C:/devkitPro/libnds/lib\libnds7.a(sdmmc.twl.o)
 *fill*         0x00000000030003c2        0x2 
 .text.setTarget
                0x00000000030003c4       0x44 C:/devkitPro/libnds/lib\libnds7.a(sdmmc.twl.o)
                0x00000000030003c4                setTarget
 .text.sdmmc_send_command
                0x0000000003000408      0x254 C:/devkitPro/libnds/lib\libnds7.a(sdmmc.twl.o)
                0x0000000003000408                sdmmc_send_command
 .text.sdmmc_controller_init
                0x000000000300065c      0x13c C:/devkitPro/libnds/lib\libnds7.a(sdmmc.twl.o)
                0x000000000300065c                sdmmc_controller_init
 .text.sdmmc_sdcard_init
                0x0000000003000798      0x188 C:/devkitPro/libnds/lib\libnds7.a(sdmmc.twl.o)
                0x0000000003000798                sdmmc_sdcard_init
 .text.sdmmc_nand_init
                0x0000000003000920      0x12c C:/devkitPro/libnds/lib\libnds7.a(sdmmc.twl.o)
                0x0000000003000920                sdmmc_nand_init
 .text.sdmmc_readsectors
                0x0000000003000a4c       0x70 C:/devkitPro/libnds/lib\libnds7.a(sdmmc.twl.o)
                0x0000000003000a4c                sdmmc_readsectors
 .text.sdmmc_writesectors
                0x0000000003000abc       0x70 C:/devkitPro/libnds/lib\libnds7.a(sdmmc.twl.o)
                0x0000000003000abc                sdmmc_writesectors
 .text.sdmmcMsgHandler
                0x0000000003000b2c       0x70 C:/devkitPro/libnds/lib\libnds7.a(sdmmc.twl.o)
                0x0000000003000b2c                sdmmcMsgHandler
 .text.sdmmc_nand_startup
                0x0000000003000b9c       0x12 C:/devkitPro/libnds/lib\libnds7.a(sdmmc.twl.o)
                0x0000000003000b9c                sdmmc_nand_startup
 .text.sdmmc_sd_startup
                0x0000000003000bae       0x12 C:/devkitPro/libnds/lib\libnds7.a(sdmmc.twl.o)
                0x0000000003000bae                sdmmc_sd_startup
 .text.sdmmcValueHandler
                0x0000000003000bc0       0x68 C:/devkitPro/libnds/lib\libnds7.a(sdmmc.twl.o)
                0x0000000003000bc0                sdmmcValueHandler
 .text.readTSC  0x0000000003000c28       0x50 C:/devkitPro/libnds/lib\libnds7.a(codec.twl.o)
 .text.writeTSC
                0x0000000003000c78       0x3c C:/devkitPro/libnds/lib\libnds7.a(codec.twl.o)
 .text.bankSwitchTSC
                0x0000000003000cb4       0x28 C:/devkitPro/libnds/lib\libnds7.a(codec.twl.o)
 .text.cdcReadReg
                0x0000000003000cdc       0x14 C:/devkitPro/libnds/lib\libnds7.a(codec.twl.o)
                0x0000000003000cdc                cdcReadReg
 .text.cdcReadRegArray
                0x0000000003000cf0       0x94 C:/devkitPro/libnds/lib\libnds7.a(codec.twl.o)
                0x0000000003000cf0                cdcReadRegArray
 .text.cdcTouchPenDown
                0x0000000003000d84       0x28 C:/devkitPro/libnds/lib\libnds7.a(codec.twl.o)
                0x0000000003000d84                cdcTouchPenDown
 .text.cdcTouchRead
                0x0000000003000dac       0x7e C:/devkitPro/libnds/lib\libnds7.a(codec.twl.o)
                0x0000000003000dac                cdcTouchRead
 *fill*         0x0000000003000e2a        0x6 
 .text.cdcTouchRead.__stub
                0x0000000003000e30       0x8c linker stubs
 *.twl*(.rodata)
 *.twl*(.roda)
 *.twl*(.rodata.*)
 *.twl*(.data)
 *.twl*(.data.*)
 .data.curBank.0
                0x0000000003000ec0        0x1 C:/devkitPro/libnds/lib\libnds7.a(codec.twl.o)
 *.twl*(.gnu.linkonce.d*)
                0x0000000003000ec4                . = ALIGN (0x4)
 *fill*         0x0000000003000ec1        0x3 
                0x0000000003000ec4                __arm7i_end__ = .

.twl_bss        0x0000000003000ec4      0x14c
                0x0000000003000ec4                __twl_bss_start__ = .
 *(.twl_bss)
 .twl_bss       0x0000000003000ec4       0xcc C:/devkitPro/libnds/lib\libnds7.a(interrupts.o)
                0x0000000003000ec8                irqTableAUX
 *.twl.*(.dynbss)
 *.twl.*(.gnu.linkonce.b*)
 *.twl.*(.bss*)
 .bss.i2cCurrentDelay
                0x0000000003000f90        0x4 C:/devkitPro/libnds/lib\libnds7.a(i2c.twl.o)
 .bss.deviceNAND
                0x0000000003000f94       0x3c C:/devkitPro/libnds/lib\libnds7.a(sdmmc.twl.o)
 .bss.deviceSD  0x0000000003000fd0       0x3c C:/devkitPro/libnds/lib\libnds7.a(sdmmc.twl.o)
 .bss.sdmmc_controller_initialised
                0x000000000300100c        0x1 C:/devkitPro/libnds/lib\libnds7.a(sdmmc.twl.o)
 *.twl.*(COMMON)
                0x0000000003001010                . = ALIGN (0x4)
 *fill*         0x000000000300100d        0x3 
                0x0000000003001010                __twl_bss_end__ = .

.crt0           0x0000000002380000      0x1c8
 *(.crt0)
 .crt0          0x0000000002380000      0x1c8 c:/devkitpro/devkitarm/bin/../lib/gcc/arm-none-eabi/12.1.0/../../../../arm-none-eabi/lib/thumb/ds_arm7_crt0.o
                0x0000000002380000                _start
                0x00000000023801c8                . = ALIGN (0x4)

.text           0x00000000037f8000     0x2080 load address 0x00000000023801c8
                0x00000000023801c8                __arm7_lma__ = LOADADDR (.text)
                0x00000000037f8000                __arm7_start__ = .
 *(SORT_NONE(.init))
 .init          0x00000000037f8000        0x4 c:/devkitpro/devkitarm/bin/../lib/gcc/arm-none-eabi/12.1.0/thumb/crti.o
                0x00000000037f8000                _init
 .init          0x00000000037f8004        0x8 c:/devkitpro/devkitarm/bin/../lib/gcc/arm-none-eabi/12.1.0/thumb/crtn.o
 *(.plt)
 *(.text .stub .text.* .gnu.linkonce.t.*)
 .text.__do_global_dtors_aux
                0x00000000037f800c       0x2c c:/devkitpro/devkitarm/bin/../lib/gcc/arm-none-eabi/12.1.0/thumb/crtbegin.o
 .text.frame_dummy
                0x00000000037f8038       0x24 c:/devkitpro/devkitarm/bin/../lib/gcc/arm-none-eabi/12.1.0/thumb/crtbegin.o
 .text          0x00000000037f805c       0x40 template.o
                0x00000000037f805c                VblankHandler
                0x00000000037f8060                powerButtonCB
                0x00000000037f806c                VcountHandler
                0x00000000037f8078                brightness_fifo
 .text.startup  0x00000000037f809c       0x94 template.o
                0x00000000037f809c                main
 .text.enableSlot1
                0x00000000037f8130       0x18 C:/devkitPro/libnds/lib\libnds7.a(system.o)
                0x00000000037f8130                enableSlot1
 .text.disableSlot1
                0x00000000037f8148       0x18 C:/devkitPro/libnds/lib\libnds7.a(system.o)
                0x00000000037f8148                disableSlot1
 .text.powerValueHandler
                0x00000000037f8160      0x158 C:/devkitPro/libnds/lib\libnds7.a(system.o)
                0x00000000037f8160                powerValueHandler
 .text.systemSleep
                0x00000000037f82b8       0x20 C:/devkitPro/libnds/lib\libnds7.a(system.o)
                0x00000000037f82b8                systemSleep
 .text.installSystemFIFO
                0x00000000037f82d8       0x4c C:/devkitPro/libnds/lib\libnds7.a(system.o)
                0x00000000037f82d8                installSystemFIFO
 .text.syncRTC  0x00000000037f8324       0x20 C:/devkitPro/libnds/lib\libnds7.a(clock.o)
                0x00000000037f8324                syncRTC
 .text.BCDToInteger
                0x00000000037f8344       0x22 C:/devkitPro/libnds/lib\libnds7.a(clock.o)
                0x00000000037f8344                BCDToInteger
 *fill*         0x00000000037f8366        0x2 
 .text.rtcTransaction
                0x00000000037f8368       0xf4 C:/devkitPro/libnds/lib\libnds7.a(clock.o)
                0x00000000037f8368                rtcTransaction
 .text.rtcReset
                0x00000000037f845c       0x3e C:/devkitPro/libnds/lib\libnds7.a(clock.o)
                0x00000000037f845c                rtcReset
 .text.rtcGetTimeAndDate
                0x00000000037f849a       0x4a C:/devkitPro/libnds/lib\libnds7.a(clock.o)
                0x00000000037f849a                rtcGetTimeAndDate
 .text.resyncClock
                0x00000000037f84e4       0xdc C:/devkitPro/libnds/lib\libnds7.a(clock.o)
                0x00000000037f84e4                resyncClock
 .text.initClockIRQ
                0x00000000037f85c0       0x7c C:/devkitPro/libnds/lib\libnds7.a(clock.o)
                0x00000000037f85c0                initClockIRQ
 .text.writePowerManagement
                0x00000000037f863c       0x5c C:/devkitPro/libnds/lib\libnds7.a(spi.o)
                0x00000000037f863c                writePowerManagement
 .text.ledBlink
                0x00000000037f8698       0x22 C:/devkitPro/libnds/lib\libnds7.a(spi.o)
                0x00000000037f8698                ledBlink
 *fill*         0x00000000037f86ba        0x2 
 .text.SerialWaitBusy
                0x00000000037f86bc       0x10 C:/devkitPro/libnds/lib\libnds7.a(firmware.o)
 .text.readwriteSPI.isra.0
                0x00000000037f86cc       0x18 C:/devkitPro/libnds/lib\libnds7.a(firmware.o)
 .text.readFirmware
                0x00000000037f86e4       0x74 C:/devkitPro/libnds/lib\libnds7.a(firmware.o)
                0x00000000037f86e4                readFirmware
 .text.writeFirmware
                0x00000000037f8758      0x134 C:/devkitPro/libnds/lib\libnds7.a(firmware.o)
                0x00000000037f8758                writeFirmware
 .text.firmwareMsgHandler
                0x00000000037f888c       0x48 C:/devkitPro/libnds/lib\libnds7.a(firmware.o)
                0x00000000037f888c                firmwareMsgHandler
 .text.readUserSettings
                0x00000000037f88d4       0xd8 C:/devkitPro/libnds/lib\libnds7.a(userSettings.o)
                0x00000000037f88d4                readUserSettings
 .text.inputGetAndSend
                0x00000000037f89ac       0xb4 C:/devkitPro/libnds/lib\libnds7.a(input.o)
                0x00000000037f89ac                inputGetAndSend
 .text.irqDummy
                0x00000000037f8a60        0x2 C:/devkitPro/libnds/lib\libnds7.a(interrupts.o)
                0x00000000037f8a60                irqDummy
 *fill*         0x00000000037f8a62        0x2 
 .text.__irqClear
                0x00000000037f8a64       0x1c C:/devkitPro/libnds/lib\libnds7.a(interrupts.o)
 .text.__irqSet.part.0
                0x00000000037f8a80       0x22 C:/devkitPro/libnds/lib\libnds7.a(interrupts.o)
 *fill*         0x00000000037f8aa2        0x2 
 .text.setPowerButtonCB
                0x00000000037f8aa4       0x1c C:/devkitPro/libnds/lib\libnds7.a(interrupts.o)
                0x00000000037f8aa4                setPowerButtonCB
 .text.irqSet   0x00000000037f8ac0       0x5c C:/devkitPro/libnds/lib\libnds7.a(interrupts.o)
                0x00000000037f8ac0                irqSet
 .text.irqInitHandler
                0x00000000037f8b1c       0x44 C:/devkitPro/libnds/lib\libnds7.a(interrupts.o)
                0x00000000037f8b1c                irqInitHandler
 .text.irqEnable
                0x00000000037f8b60       0x64 C:/devkitPro/libnds/lib\libnds7.a(interrupts.o)
                0x00000000037f8b60                irqEnable
 .text.irqDisable
                0x00000000037f8bc4       0x68 C:/devkitPro/libnds/lib\libnds7.a(interrupts.o)
                0x00000000037f8bc4                irqDisable
 .text.irqInit  0x00000000037f8c2c       0x58 C:/devkitPro/libnds/lib\libnds7.a(interrupts.o)
                0x00000000037f8c2c                irqInit
 .text.systemErrorExit
                0x00000000037f8c84        0x4 C:/devkitPro/libnds/lib\libnds7.a(libnds_exit.arm.o)
                0x00000000037f8c84                systemErrorExit
 .text.__libnds_exit
                0x00000000037f8c88       0x54 C:/devkitPro/libnds/lib\libnds7.a(libnds_exit.arm.o)
                0x00000000037f8c88                __libnds_exit
 .text.fifo_allocBlock
                0x00000000037f8cdc       0x40 C:/devkitPro/libnds/lib\libnds7.a(fifosystem.o)
 .text.fifo_freeBlock
                0x00000000037f8d1c       0x30 C:/devkitPro/libnds/lib\libnds7.a(fifosystem.o)
 .text.fifo_waitBlock
                0x00000000037f8d4c       0x40 C:/devkitPro/libnds/lib\libnds7.a(fifosystem.o)
 .text.fifo_queueBlock
                0x00000000037f8d8c       0x44 C:/devkitPro/libnds/lib\libnds7.a(fifosystem.o)
 .text.fifoInternalSendInterrupt
                0x00000000037f8dd0       0x64 C:/devkitPro/libnds/lib\libnds7.a(fifosystem.o)
 .text.fifoInternalSend
                0x00000000037f8e34       0xdc C:/devkitPro/libnds/lib\libnds7.a(fifosystem.o)
 .text.fifoSendValue32
                0x00000000037f8f10       0x38 C:/devkitPro/libnds/lib\libnds7.a(fifosystem.o)
                0x00000000037f8f10                fifoSendValue32
 .text.fifoSendDatamsg
                0x00000000037f8f48       0x70 C:/devkitPro/libnds/lib\libnds7.a(fifosystem.o)
                0x00000000037f8f48                fifoSendDatamsg
 .text.fifoGetValue32
                0x00000000037f8fb8       0x4c C:/devkitPro/libnds/lib\libnds7.a(fifosystem.o)
                0x00000000037f8fb8                fifoGetValue32
 .text.fifoGetDatamsg
                0x00000000037f9004       0xc0 C:/devkitPro/libnds/lib\libnds7.a(fifosystem.o)
                0x00000000037f9004                fifoGetDatamsg
 .text.fifoInternalRecvInterrupt
                0x00000000037f90c4      0x2c0 C:/devkitPro/libnds/lib\libnds7.a(fifosystem.o)
 .text.fifoCheckDatamsg
                0x00000000037f9384       0x20 C:/devkitPro/libnds/lib\libnds7.a(fifosystem.o)
                0x00000000037f9384                fifoCheckDatamsg
 .text.fifoSetDatamsgHandler
                0x00000000037f93a4       0x8c C:/devkitPro/libnds/lib\libnds7.a(fifosystem.o)
                0x00000000037f93a4                fifoSetDatamsgHandler
 .text.fifoCheckValue32
                0x00000000037f9430       0x20 C:/devkitPro/libnds/lib\libnds7.a(fifosystem.o)
                0x00000000037f9430                fifoCheckValue32
 .text.fifoSetValue32Handler
                0x00000000037f9450       0x5c C:/devkitPro/libnds/lib\libnds7.a(fifosystem.o)
                0x00000000037f9450                fifoSetValue32Handler
 .text.fifoInit
                0x00000000037f94ac       0xd4 C:/devkitPro/libnds/lib\libnds7.a(fifosystem.o)
                0x00000000037f94ac                fifoInit
 .text.swiWaitForVBlank
                0x00000000037f9580       0x10 C:/devkitPro/libnds/lib\libnds7.a(intrwait.o)
                0x00000000037f9580                swiWaitForVBlank
 .text.swiIntrWait
                0x00000000037f9590       0x44 C:/devkitPro/libnds/lib\libnds7.a(intrwait.o)
                0x00000000037f9590                swiIntrWait
 .text          0x00000000037f95d4       0xec C:/devkitPro/libnds/lib\libnds7.a(interruptDispatcher.o)
                0x00000000037f95d4                IntrMain
 .text.swiDelay
                0x00000000037f96c0        0x4 C:/devkitPro/libnds/lib\libnds7.a(biosCalls.o)
                0x00000000037f96c0                swiDelay
 .text.swiSleep
                0x00000000037f96c4        0x4 C:/devkitPro/libnds/lib\libnds7.a(biosCalls.o)
                0x00000000037f96c4                swiSleep
 .text.swiChangeSoundBias
                0x00000000037f96c8        0x4 C:/devkitPro/libnds/lib\libnds7.a(biosCalls.o)
                0x00000000037f96c8                swiChangeSoundBias
 .text.swiCRC16
                0x00000000037f96cc        0x4 C:/devkitPro/libnds/lib\libnds7.a(biosCalls.o)
                0x00000000037f96cc                swiCRC16
 .text.swiSoftReset
                0x00000000037f96d0       0x10 C:/devkitPro/libnds/lib\libnds7.a(swiSoftReset.o)
                0x00000000037f96d0                swiSoftReset
 .text.SerialWaitBusy
                0x00000000037f96e0       0x10 C:/devkitPro/libnds/lib\libnds7.a(touch.o)
 .text.cdcIsAvailable
                0x00000000037f96f0       0x24 C:/devkitPro/libnds/lib\libnds7.a(touch.o)
 .text.CheckStylus
                0x00000000037f9714       0x88 C:/devkitPro/libnds/lib\libnds7.a(touch.o)
 .text.readTouchValue
                0x00000000037f979c      0x15c C:/devkitPro/libnds/lib\libnds7.a(touch.o)
                0x00000000037f979c                readTouchValue
 .text.UpdateRange
                0x00000000037f98f8       0x6c C:/devkitPro/libnds/lib\libnds7.a(touch.o)
                0x00000000037f98f8                UpdateRange
 .text.touchPenDown
                0x00000000037f9964       0x34 C:/devkitPro/libnds/lib\libnds7.a(touch.o)
                0x00000000037f9964                touchPenDown
 .text.touchReadXY
                0x00000000037f9998      0x194 C:/devkitPro/libnds/lib\libnds7.a(touch.o)
                0x00000000037f9998                touchReadXY
 .text.systemShutDown
                0x00000000037f9b2c       0x30 C:/devkitPro/libnds/lib\libnds7.a(systemShutDown.o)
                0x00000000037f9b2c                systemShutDown
 .text          0x00000000037f9b5c       0x14 c:/devkitpro/devkitarm/bin/../lib/gcc/arm-none-eabi/12.1.0/thumb\libgcc.a(_thumb1_case_uqi.o)
                0x00000000037f9b5c                __gnu_thumb1_case_uqi
 .text          0x00000000037f9b70      0x11c c:/devkitpro/devkitarm/bin/../lib/gcc/arm-none-eabi/12.1.0/thumb\libgcc.a(_udivsi3.o)
                0x00000000037f9b70                __aeabi_uidiv
                0x00000000037f9b70                __udivsi3
                0x00000000037f9c6c                __aeabi_uidivmod
 .text          0x00000000037f9c8c      0x150 c:/devkitpro/devkitarm/bin/../lib/gcc/arm-none-eabi/12.1.0/thumb\libgcc.a(_divsi3.o)
                0x00000000037f9c8c                __divsi3
                0x00000000037f9c8c                __aeabi_idiv
                0x00000000037f9dbc                __aeabi_idivmod
 .text          0x00000000037f9ddc        0x4 c:/devkitpro/devkitarm/bin/../lib/gcc/arm-none-eabi/12.1.0/thumb\libgcc.a(_dvmd_tls.o)
                0x00000000037f9ddc                __aeabi_idiv0
                0x00000000037f9ddc                __aeabi_ldiv0
 .text.__libc_init_array
                0x00000000037f9de0       0x54 c:/devkitpro/devkitarm/bin/../lib/gcc/arm-none-eabi/12.1.0/../../../../arm-none-eabi/lib/thumb\libg.a(lib_a-init.o)
                0x00000000037f9de0                __libc_init_array
 .text.memcmp   0x00000000037f9e34       0x48 c:/devkitpro/devkitarm/bin/../lib/gcc/arm-none-eabi/12.1.0/../../../../arm-none-eabi/lib/thumb\libg.a(lib_a-memcmp.o)
                0x00000000037f9e34                memcmp
 .text.memcpy   0x00000000037f9e7c       0x94 c:/devkitpro/devkitarm/bin/../lib/gcc/arm-none-eabi/12.1.0/../../../../arm-none-eabi/lib/thumb\libg.a(lib_a-memcpy-stub.o)
                0x00000000037f9e7c                memcpy
 .text.memset   0x00000000037f9f10       0xb0 c:/devkitpro/devkitarm/bin/../lib/gcc/arm-none-eabi/12.1.0/../../../../arm-none-eabi/lib/thumb\libg.a(lib_a-memset.o)
                0x00000000037f9f10                memset
 .text.memset.__stub
                0x00000000037f9fc0       0xb8 linker stubs
 *(.text.*personality*)
 *(.gnu.warning)
 *(.glue_7t)
 .glue_7t       0x00000000037fa080        0x0 linker stubs
 *(.glue_7)
 .glue_7        0x00000000037fa080        0x0 linker stubs
 *(.vfp11_veneer)
 .vfp11_veneer  0x00000000037fa080        0x0 linker stubs
                0x00000000037fa080                . = ALIGN (0x4)

.v4_bx          0x00000000037fa080        0x0 load address 0x0000000002382248
 .v4_bx         0x00000000037fa080        0x0 linker stubs

.iplt           0x00000000037fa080        0x0 load address 0x0000000002382248
 .iplt          0x00000000037fa080        0x0 c:/devkitpro/devkitarm/bin/../lib/gcc/arm-none-eabi/12.1.0/../../../../arm-none-eabi/lib/thumb/ds_arm7_crt0.o

.fini           0x00000000037fa080        0xc load address 0x0000000002382248
 *(.fini)
 .fini          0x00000000037fa080        0x4 c:/devkitpro/devkitarm/bin/../lib/gcc/arm-none-eabi/12.1.0/thumb/crti.o
                0x00000000037fa080                _fini
 .fini          0x00000000037fa084        0x8 c:/devkitpro/devkitarm/bin/../lib/gcc/arm-none-eabi/12.1.0/thumb/crtn.o

.rodata         0x00000000037fa08c       0x1c load address 0x0000000002382254
 *(.rodata)
 *all.rodata*(*)
 *(.roda)
 *(.rodata.*)
 .rodata.ydays  0x00000000037fa08c       0x1a C:/devkitPro/libnds/lib\libnds7.a(clock.o)
 *(.gnu.linkonce.r*)
                0x00000000037fa0a8                . = ALIGN (0x4)
 *fill*         0x00000000037fa0a6        0x2 

.ARM.extab
 *(.ARM.extab* .gnu.linkonce.armextab.*)

.ARM.exidx      0x00000000037fa0a8        0x0 load address 0x0000000002382270
                0x00000000037fa0a8                __exidx_start = .
 *(.ARM.exidx* .gnu.linkonce.armexidx.*)
                0x00000000037fa0a8                __exidx_end = .

.preinit_array  0x00000000037fa0a8        0x0 load address 0x0000000002382270
                0x00000000037fa0a8                . = ALIGN (0x4)
                0x00000000037fa0a8                PROVIDE (__preinit_array_start = .)
 *(.preinit_array)
                0x00000000037fa0a8                PROVIDE (__preinit_array_end = .)

.init_array     0x00000000037fa0a8        0x4 load address 0x0000000002382270
                0x00000000037fa0a8                PROVIDE (__init_array_start = .)
 *(.init_array)
 .init_array    0x00000000037fa0a8        0x4 c:/devkitpro/devkitarm/bin/../lib/gcc/arm-none-eabi/12.1.0/thumb/crtbegin.o
                0x00000000037fa0ac                PROVIDE (__init_array_end = .)

.fini_array     0x00000000037fa0ac        0x4 load address 0x0000000002382274
                [!provide]                        PROVIDE (__fini_array_start = .)
 *(.fini_array)
 .fini_array    0x00000000037fa0ac        0x4 c:/devkitpro/devkitarm/bin/../lib/gcc/arm-none-eabi/12.1.0/thumb/crtbegin.o
                [!provide]                        PROVIDE (__fini_array_end = .)

.ctors          0x00000000037fa0b0        0x0 load address 0x0000000002382278
 *crtbegin.o(.ctors)
 *(EXCLUDE_FILE(*crtend.o) .ctors)
 *(SORT_BY_NAME(.ctors.*))
 *(.ctors)
                0x00000000037fa0b0                . = ALIGN (0x4)

.dtors          0x00000000037fa0b0        0x0 load address 0x0000000002382278
 *crtbegin.o(.dtors)
 *(EXCLUDE_FILE(*crtend.o) .dtors)
 *(SORT_BY_NAME(.dtors.*))
 *(.dtors)
                0x00000000037fa0b0                . = ALIGN (0x4)

.eh_frame       0x00000000037fa0b0        0x4 load address 0x0000000002382278
 *(.eh_frame)
 .eh_frame      0x00000000037fa0b0        0x0 c:/devkitpro/devkitarm/bin/../lib/gcc/arm-none-eabi/12.1.0/thumb/crtbegin.o
 .eh_frame      0x00000000037fa0b0        0x4 c:/devkitpro/devkitarm/bin/../lib/gcc/arm-none-eabi/12.1.0/thumb/crtend.o
                0x00000000037fa0b4                . = ALIGN (0x4)

.rel.dyn        0x00000000037fa0b4        0x0 load address 0x000000000238227c
 .rel.iplt      0x00000000037fa0b4        0x0 c:/devkitpro/devkitarm/bin/../lib/gcc/arm-none-eabi/12.1.0/../../../../arm-none-eabi/lib/thumb/ds_arm7_crt0.o

.gcc_except_table
                0x00000000037fa0b4        0x0 load address 0x000000000238227c
 *(.gcc_except_table)
                0x00000000037fa0b4                . = ALIGN (0x4)

.jcr
 *(.jcr)

.got
 *(.got.plt)
 *(.got)

.data           0x00000000037fa0b4       0x18 load address 0x000000000238227c
                0x00000000037fa0b4                __data_start = ABSOLUTE (.)
 *(.data)
 *(.data.*)
 .data.sleepIsEnabled
                0x00000000037fa0b4        0x1 C:/devkitPro/libnds/lib\libnds7.a(system.o)
                0x00000000037fa0b4                sleepIsEnabled
 *fill*         0x00000000037fa0b5        0x1 
 .data.fifo_buffer_free
                0x00000000037fa0b6        0x4 C:/devkitPro/libnds/lib\libnds7.a(fifosystem.o)
                0x00000000037fa0b6                fifo_buffer_free
 *fill*         0x00000000037fa0ba        0x2 
 .data.fifo_freewords
                0x00000000037fa0bc        0x4 C:/devkitPro/libnds/lib\libnds7.a(fifosystem.o)
                0x00000000037fa0bc                fifo_freewords
 .data.fifo_receive_queue
                0x00000000037fa0c0        0x4 C:/devkitPro/libnds/lib\libnds7.a(fifosystem.o)
                0x00000000037fa0c0                fifo_receive_queue
 .data.fifo_send_queue
                0x00000000037fa0c4        0x4 C:/devkitPro/libnds/lib\libnds7.a(fifosystem.o)
                0x00000000037fa0c4                fifo_send_queue
 .data.range    0x00000000037fa0c8        0x1 C:/devkitPro/libnds/lib\libnds7.a(touch.o)
 *(.gnu.linkonce.d*)
                0x00000000037fa0cc                . = ALIGN (0x4)
 *fill*         0x00000000037fa0c9        0x3 
                0x00000000037fa0cc                __data_end = ABSOLUTE (.)

.igot.plt       0x00000000037fa0cc        0x0 load address 0x0000000002382294
 .igot.plt      0x00000000037fa0cc        0x0 c:/devkitpro/devkitarm/bin/../lib/gcc/arm-none-eabi/12.1.0/../../../../arm-none-eabi/lib/thumb/ds_arm7_crt0.o

.bss            0x00000000037fa0cc      0xb44
                0x00000000037fa0cc                __arm7_end__ = .
                0x00000000037fa0cc                __bss_start = ABSOLUTE (.)
                0x00000000037fa0cc                __bss_start__ = ABSOLUTE (.)
 *(.dynbss)
 *(.gnu.linkonce.b*)
 *(.bss*)
 .bss.completed.1
                0x00000000037fa0cc        0x1 c:/devkitpro/devkitarm/bin/../lib/gcc/arm-none-eabi/12.1.0/thumb/crtbegin.o
 *fill*         0x00000000037fa0cd        0x3 
 .bss.object.0  0x00000000037fa0d0       0x18 c:/devkitpro/devkitarm/bin/../lib/gcc/arm-none-eabi/12.1.0/thumb/crtbegin.o
 .bss           0x00000000037fa0e8        0x1 template.o
                0x00000000037fa0e8                exitflag
 .bss.__dsimode
                0x00000000037fa0e9        0x1 C:/devkitPro/libnds/lib\libnds7.a(system.o)
                0x00000000037fa0e9                __dsimode
 .bss.penDown.1
                0x00000000037fa0ea        0x1 C:/devkitPro/libnds/lib\libnds7.a(input.o)
 *fill*         0x00000000037fa0eb        0x1 
 .bss.sleepCounter.0
                0x00000000037fa0ec        0x4 C:/devkitPro/libnds/lib\libnds7.a(input.o)
 .bss.irqTable  0x00000000037fa0f0       0xc8 C:/devkitPro/libnds/lib\libnds7.a(interrupts.o)
                0x00000000037fa0f0                irqTable
 .bss.fifo_address_data
                0x00000000037fa1b8       0x40 C:/devkitPro/libnds/lib\libnds7.a(fifosystem.o)
                0x00000000037fa1b8                fifo_address_data
 .bss.fifo_address_func
                0x00000000037fa1f8       0x40 C:/devkitPro/libnds/lib\libnds7.a(fifosystem.o)
                0x00000000037fa1f8                fifo_address_func
 .bss.fifo_address_queue
                0x00000000037fa238       0x40 C:/devkitPro/libnds/lib\libnds7.a(fifosystem.o)
                0x00000000037fa238                fifo_address_queue
 .bss.fifo_buffer
                0x00000000037fa278      0x800 C:/devkitPro/libnds/lib\libnds7.a(fifosystem.o)
                0x00000000037fa278                fifo_buffer
 .bss.fifo_data_queue
                0x00000000037faa78       0x40 C:/devkitPro/libnds/lib\libnds7.a(fifosystem.o)
                0x00000000037faa78                fifo_data_queue
 .bss.fifo_datamsg_data
                0x00000000037faab8       0x40 C:/devkitPro/libnds/lib\libnds7.a(fifosystem.o)
                0x00000000037faab8                fifo_datamsg_data
 .bss.fifo_datamsg_func
                0x00000000037faaf8       0x40 C:/devkitPro/libnds/lib\libnds7.a(fifosystem.o)
                0x00000000037faaf8                fifo_datamsg_func
 .bss.fifo_value32_data
                0x00000000037fab38       0x40 C:/devkitPro/libnds/lib\libnds7.a(fifosystem.o)
                0x00000000037fab38                fifo_value32_data
 .bss.fifo_value32_func
                0x00000000037fab78       0x40 C:/devkitPro/libnds/lib\libnds7.a(fifosystem.o)
                0x00000000037fab78                fifo_value32_func
 .bss.fifo_value32_queue
                0x00000000037fabb8       0x40 C:/devkitPro/libnds/lib\libnds7.a(fifosystem.o)
                0x00000000037fabb8                fifo_value32_queue
 .bss.processing
                0x00000000037fabf8        0x4 C:/devkitPro/libnds/lib\libnds7.a(fifosystem.o)
                0x00000000037fabf8                processing
 .bss.last_time_touched
                0x00000000037fabfc        0x1 C:/devkitPro/libnds/lib\libnds7.a(touch.o)
 .bss.range_counter_1
                0x00000000037fabfd        0x1 C:/devkitPro/libnds/lib\libnds7.a(touch.o)
 .bss.range_counter_2
                0x00000000037fabfe        0x1 C:/devkitPro/libnds/lib\libnds7.a(touch.o)
 *fill*         0x00000000037fabff        0x1 
 .bss.xoffset   0x00000000037fac00        0x4 C:/devkitPro/libnds/lib\libnds7.a(touch.o)
 .bss.xscale    0x00000000037fac04        0x4 C:/devkitPro/libnds/lib\libnds7.a(touch.o)
 .bss.yoffset   0x00000000037fac08        0x4 C:/devkitPro/libnds/lib\libnds7.a(touch.o)
 .bss.yscale    0x00000000037fac0c        0x4 C:/devkitPro/libnds/lib\libnds7.a(touch.o)
 *(COMMON)
                0x00000000037fac10                . = ALIGN (0x4)
                0x00000000037fac10                __bss_end__ = ABSOLUTE (.)
                0x00000000037fac10                __end__ = ABSOLUTE (.)

.stab
 *(.stab)

.stabstr
 *(.stabstr)

.stab.excl
 *(.stab.excl)

.stab.exclstr
 *(.stab.exclstr)

.stab.index
 *(.stab.index)

.stab.indexstr
 *(.stab.indexstr)

.comment        0x0000000000000000       0x46
 *(.comment)
 .comment       0x0000000000000000       0x23 c:/devkitpro/devkitarm/bin/../lib/gcc/arm-none-eabi/12.1.0/thumb/crtbegin.o
                                         0x24 (size before relaxing)
 .comment       0x0000000000000023       0x24 template.o
 .comment       0x0000000000000023       0x23 C:/devkitPro/libnds/lib\libnds7.a(system.o)
                                         0x24 (size before relaxing)
 .comment       0x0000000000000046       0x24 C:/devkitPro/libnds/lib\libnds7.a(clock.o)
 .comment       0x0000000000000046       0x24 C:/devkitPro/libnds/lib\libnds7.a(spi.o)
 .comment       0x0000000000000046       0x24 C:/devkitPro/libnds/lib\libnds7.a(firmware.o)
 .comment       0x0000000000000046       0x24 C:/devkitPro/libnds/lib\libnds7.a(userSettings.o)
 .comment       0x0000000000000046       0x24 C:/devkitPro/libnds/lib\libnds7.a(card.twl.o)
 .comment       0x0000000000000046       0x24 C:/devkitPro/libnds/lib\libnds7.a(input.o)
 .comment       0x0000000000000046       0x24 C:/devkitPro/libnds/lib\libnds7.a(interrupts.o)
 .comment       0x0000000000000046       0x24 C:/devkitPro/libnds/lib\libnds7.a(libnds_exit.arm.o)
 .comment       0x0000000000000046       0x24 C:/devkitPro/libnds/lib\libnds7.a(fifosystem.o)
 .comment       0x0000000000000046       0x24 C:/devkitPro/libnds/lib\libnds7.a(i2c.twl.o)
 .comment       0x0000000000000046       0x24 C:/devkitPro/libnds/lib\libnds7.a(sdmmc.twl.o)
 .comment       0x0000000000000046       0x24 C:/devkitPro/libnds/lib\libnds7.a(touch.o)
 .comment       0x0000000000000046       0x24 C:/devkitPro/libnds/lib\libnds7.a(codec.twl.o)
 .comment       0x0000000000000046       0x24 C:/devkitPro/libnds/lib\libnds7.a(systemShutDown.o)
 .comment       0x0000000000000046       0x24 c:/devkitpro/devkitarm/bin/../lib/gcc/arm-none-eabi/12.1.0/../../../../arm-none-eabi/lib/thumb\libg.a(lib_a-init.o)
 .comment       0x0000000000000046       0x24 c:/devkitpro/devkitarm/bin/../lib/gcc/arm-none-eabi/12.1.0/../../../../arm-none-eabi/lib/thumb\libg.a(lib_a-memcmp.o)
 .comment       0x0000000000000046       0x24 c:/devkitpro/devkitarm/bin/../lib/gcc/arm-none-eabi/12.1.0/../../../../arm-none-eabi/lib/thumb\libg.a(lib_a-memcpy-stub.o)
 .comment       0x0000000000000046       0x24 c:/devkitpro/devkitarm/bin/../lib/gcc/arm-none-eabi/12.1.0/../../../../arm-none-eabi/lib/thumb\libg.a(lib_a-memset.o)
 .comment       0x0000000000000046       0x24 c:/devkitpro/devkitarm/bin/../lib/gcc/arm-none-eabi/12.1.0/thumb/crtend.o

.ARM.attributes
                0x0000000000000000       0x26
 .ARM.attributes
                0x0000000000000000       0x1a c:/devkitpro/devkitarm/bin/../lib/gcc/arm-none-eabi/12.1.0/../../../../arm-none-eabi/lib/thumb/ds_arm7_crt0.o
 .ARM.attributes
                0x000000000000001a       0x1c c:/devkitpro/devkitarm/bin/../lib/gcc/arm-none-eabi/12.1.0/thumb/crti.o
 .ARM.attributes
                0x0000000000000036       0x2a c:/devkitpro/devkitarm/bin/../lib/gcc/arm-none-eabi/12.1.0/thumb/crtbegin.o
 .ARM.attributes
                0x0000000000000060       0x26 template.o
 .ARM.attributes
                0x0000000000000086       0x26 C:/devkitPro/libnds/lib\libnds7.a(system.o)
 .ARM.attributes
                0x00000000000000ac       0x26 C:/devkitPro/libnds/lib\libnds7.a(clock.o)
 .ARM.attributes
                0x00000000000000d2       0x26 C:/devkitPro/libnds/lib\libnds7.a(spi.o)
 .ARM.attributes
                0x00000000000000f8       0x26 C:/devkitPro/libnds/lib\libnds7.a(firmware.o)
 .ARM.attributes
                0x000000000000011e       0x26 C:/devkitPro/libnds/lib\libnds7.a(userSettings.o)
 .ARM.attributes
                0x0000000000000144       0x26 C:/devkitPro/libnds/lib\libnds7.a(card.twl.o)
 .ARM.attributes
                0x000000000000016a       0x26 C:/devkitPro/libnds/lib\libnds7.a(input.o)
 .ARM.attributes
                0x0000000000000190       0x26 C:/devkitPro/libnds/lib\libnds7.a(interrupts.o)
 .ARM.attributes
                0x00000000000001b6       0x26 C:/devkitPro/libnds/lib\libnds7.a(libnds_exit.arm.o)
 .ARM.attributes
                0x00000000000001dc       0x26 C:/devkitPro/libnds/lib\libnds7.a(fifosystem.o)
 .ARM.attributes
                0x0000000000000202       0x20 C:/devkitPro/libnds/lib\libnds7.a(intrwait.o)
 .ARM.attributes
                0x0000000000000222       0x1a C:/devkitPro/libnds/lib\libnds7.a(interruptDispatcher.o)
 .ARM.attributes
                0x000000000000023c       0x1a C:/devkitPro/libnds/lib\libnds7.a(biosCalls.o)
 .ARM.attributes
                0x0000000000000256       0x1a C:/devkitPro/libnds/lib\libnds7.a(swiSoftReset.o)
 .ARM.attributes
                0x0000000000000270       0x26 C:/devkitPro/libnds/lib\libnds7.a(i2c.twl.o)
 .ARM.attributes
                0x0000000000000296       0x26 C:/devkitPro/libnds/lib\libnds7.a(sdmmc.twl.o)
 .ARM.attributes
                0x00000000000002bc       0x26 C:/devkitPro/libnds/lib\libnds7.a(touch.o)
 .ARM.attributes
                0x00000000000002e2       0x26 C:/devkitPro/libnds/lib\libnds7.a(codec.twl.o)
 .ARM.attributes
                0x0000000000000308       0x26 C:/devkitPro/libnds/lib\libnds7.a(systemShutDown.o)
 .ARM.attributes
                0x000000000000032e       0x1c c:/devkitpro/devkitarm/bin/../lib/gcc/arm-none-eabi/12.1.0/thumb\libgcc.a(_thumb1_case_uqi.o)
 .ARM.attributes
                0x000000000000034a       0x1c c:/devkitpro/devkitarm/bin/../lib/gcc/arm-none-eabi/12.1.0/thumb\libgcc.a(_udivsi3.o)
 .ARM.attributes
                0x0000000000000366       0x1c c:/devkitpro/devkitarm/bin/../lib/gcc/arm-none-eabi/12.1.0/thumb\libgcc.a(_divsi3.o)
 .ARM.attributes
                0x0000000000000382       0x1c c:/devkitpro/devkitarm/bin/../lib/gcc/arm-none-eabi/12.1.0/thumb\libgcc.a(_dvmd_tls.o)
 .ARM.attributes
                0x000000000000039e       0x2a c:/devkitpro/devkitarm/bin/../lib/gcc/arm-none-eabi/12.1.0/../../../../arm-none-eabi/lib/thumb\libg.a(lib_a-init.o)
 .ARM.attributes
                0x00000000000003c8       0x2a c:/devkitpro/devkitarm/bin/../lib/gcc/arm-none-eabi/12.1.0/../../../../arm-none-eabi/lib/thumb\libg.a(lib_a-memcmp.o)
 .ARM.attributes
                0x00000000000003f2       0x2a c:/devkitpro/devkitarm/bin/../lib/gcc/arm-none-eabi/12.1.0/../../../../arm-none-eabi/lib/thumb\libg.a(lib_a-memcpy-stub.o)
 .ARM.attributes
                0x000000000000041c       0x2a c:/devkitpro/devkitarm/bin/../lib/gcc/arm-none-eabi/12.1.0/../../../../arm-none-eabi/lib/thumb\libg.a(lib_a-memset.o)
 .ARM.attributes
                0x0000000000000446       0x2a c:/devkitpro/devkitarm/bin/../lib/gcc/arm-none-eabi/12.1.0/thumb/crtend.o
 .ARM.attributes
                0x0000000000000470       0x1c c:/devkitpro/devkitarm/bin/../lib/gcc/arm-none-eabi/12.1.0/thumb/crtn.o

.debug
 *(.debug)

.line
 *(.line)

.debug_srcinfo
 *(.debug_srcinfo)

.debug_sfnames
 *(.debug_sfnames)

.debug_aranges  0x0000000000000000      0x658
 *(.debug_aranges)
 .debug_aranges
                0x0000000000000000       0x48 C:/devkitPro/libnds/lib\libnds7.a(system.o)
 .debug_aranges
                0x0000000000000048       0x70 C:/devkitPro/libnds/lib\libnds7.a(clock.o)
 .debug_aranges
                0x00000000000000b8       0x28 C:/devkitPro/libnds/lib\libnds7.a(spi.o)
 .debug_aranges
                0x00000000000000e0       0x40 C:/devkitPro/libnds/lib\libnds7.a(firmware.o)
 .debug_aranges
                0x0000000000000120       0x20 C:/devkitPro/libnds/lib\libnds7.a(userSettings.o)
 .debug_aranges
                0x0000000000000140       0x28 C:/devkitPro/libnds/lib\libnds7.a(card.twl.o)
 .debug_aranges
                0x0000000000000168       0x20 C:/devkitPro/libnds/lib\libnds7.a(input.o)
 .debug_aranges
                0x0000000000000188       0x90 C:/devkitPro/libnds/lib\libnds7.a(interrupts.o)
 .debug_aranges
                0x0000000000000218       0x28 C:/devkitPro/libnds/lib\libnds7.a(libnds_exit.arm.o)
 .debug_aranges
                0x0000000000000240       0xc0 C:/devkitPro/libnds/lib\libnds7.a(fifosystem.o)
 .debug_aranges
                0x0000000000000300       0x28 C:/devkitPro/libnds/lib\libnds7.a(intrwait.o)
 .debug_aranges
                0x0000000000000328       0x20 C:/devkitPro/libnds/lib\libnds7.a(interruptDispatcher.o)
 .debug_aranges
                0x0000000000000348       0xd8 C:/devkitPro/libnds/lib\libnds7.a(biosCalls.o)
 .debug_aranges
                0x0000000000000420       0x20 C:/devkitPro/libnds/lib\libnds7.a(swiSoftReset.o)
 .debug_aranges
                0x0000000000000440       0x68 C:/devkitPro/libnds/lib\libnds7.a(i2c.twl.o)
 .debug_aranges
                0x00000000000004a8       0xb8 C:/devkitPro/libnds/lib\libnds7.a(sdmmc.twl.o)
 .debug_aranges
                0x0000000000000560       0x68 C:/devkitPro/libnds/lib\libnds7.a(touch.o)
 .debug_aranges
                0x00000000000005c8       0x70 C:/devkitPro/libnds/lib\libnds7.a(codec.twl.o)
 .debug_aranges
                0x0000000000000638       0x20 C:/devkitPro/libnds/lib\libnds7.a(systemShutDown.o)

.debug_pubnames
 *(.debug_pubnames)

.debug_info     0x0000000000000000     0x9750
 *(.debug_info)
 .debug_info    0x0000000000000000      0x936 C:/devkitPro/libnds/lib\libnds7.a(system.o)
 .debug_info    0x0000000000000936      0xb4b C:/devkitPro/libnds/lib\libnds7.a(clock.o)
 .debug_info    0x0000000000001481      0x2ba C:/devkitPro/libnds/lib\libnds7.a(spi.o)
 .debug_info    0x000000000000173b      0xa69 C:/devkitPro/libnds/lib\libnds7.a(firmware.o)
 .debug_info    0x00000000000021a4      0x593 C:/devkitPro/libnds/lib\libnds7.a(userSettings.o)
 .debug_info    0x0000000000002737      0x272 C:/devkitPro/libnds/lib\libnds7.a(card.twl.o)
 .debug_info    0x00000000000029a9      0x5c8 C:/devkitPro/libnds/lib\libnds7.a(input.o)
 .debug_info    0x0000000000002f71      0xca1 C:/devkitPro/libnds/lib\libnds7.a(interrupts.o)
 .debug_info    0x0000000000003c12      0x2d1 C:/devkitPro/libnds/lib\libnds7.a(libnds_exit.arm.o)
 .debug_info    0x0000000000003ee3     0x141c C:/devkitPro/libnds/lib\libnds7.a(fifosystem.o)
 .debug_info    0x00000000000052ff       0x23 C:/devkitPro/libnds/lib\libnds7.a(intrwait.o)
 .debug_info    0x0000000000005322       0x25 C:/devkitPro/libnds/lib\libnds7.a(interruptDispatcher.o)
 .debug_info    0x0000000000005347       0x23 C:/devkitPro/libnds/lib\libnds7.a(biosCalls.o)
 .debug_info    0x000000000000536a       0x24 C:/devkitPro/libnds/lib\libnds7.a(swiSoftReset.o)
 .debug_info    0x000000000000538e      0x468 C:/devkitPro/libnds/lib\libnds7.a(i2c.twl.o)
 .debug_info    0x00000000000057f6     0x2288 C:/devkitPro/libnds/lib\libnds7.a(sdmmc.twl.o)
 .debug_info    0x0000000000007a7e     0x12e4 C:/devkitPro/libnds/lib\libnds7.a(touch.o)
 .debug_info    0x0000000000008d62      0x754 C:/devkitPro/libnds/lib\libnds7.a(codec.twl.o)
 .debug_info    0x00000000000094b6      0x29a C:/devkitPro/libnds/lib\libnds7.a(systemShutDown.o)

.debug_abbrev   0x0000000000000000     0x278d
 *(.debug_abbrev)
 .debug_abbrev  0x0000000000000000      0x28c C:/devkitPro/libnds/lib\libnds7.a(system.o)
 .debug_abbrev  0x000000000000028c      0x2cb C:/devkitPro/libnds/lib\libnds7.a(clock.o)
 .debug_abbrev  0x0000000000000557      0x1a7 C:/devkitPro/libnds/lib\libnds7.a(spi.o)
 .debug_abbrev  0x00000000000006fe      0x335 C:/devkitPro/libnds/lib\libnds7.a(firmware.o)
 .debug_abbrev  0x0000000000000a33      0x163 C:/devkitPro/libnds/lib\libnds7.a(userSettings.o)
 .debug_abbrev  0x0000000000000b96      0x131 C:/devkitPro/libnds/lib\libnds7.a(card.twl.o)
 .debug_abbrev  0x0000000000000cc7      0x213 C:/devkitPro/libnds/lib\libnds7.a(input.o)
 .debug_abbrev  0x0000000000000eda      0x3a8 C:/devkitPro/libnds/lib\libnds7.a(interrupts.o)
 .debug_abbrev  0x0000000000001282      0x15d C:/devkitPro/libnds/lib\libnds7.a(libnds_exit.arm.o)
 .debug_abbrev  0x00000000000013df      0x4bc C:/devkitPro/libnds/lib\libnds7.a(fifosystem.o)
 .debug_abbrev  0x000000000000189b       0x12 C:/devkitPro/libnds/lib\libnds7.a(intrwait.o)
 .debug_abbrev  0x00000000000018ad       0x14 C:/devkitPro/libnds/lib\libnds7.a(interruptDispatcher.o)
 .debug_abbrev  0x00000000000018c1       0x12 C:/devkitPro/libnds/lib\libnds7.a(biosCalls.o)
 .debug_abbrev  0x00000000000018d3       0x14 C:/devkitPro/libnds/lib\libnds7.a(swiSoftReset.o)
 .debug_abbrev  0x00000000000018e7      0x22b C:/devkitPro/libnds/lib\libnds7.a(i2c.twl.o)
 .debug_abbrev  0x0000000000001b12      0x4ce C:/devkitPro/libnds/lib\libnds7.a(sdmmc.twl.o)
 .debug_abbrev  0x0000000000001fe0      0x476 C:/devkitPro/libnds/lib\libnds7.a(touch.o)
 .debug_abbrev  0x0000000000002456      0x201 C:/devkitPro/libnds/lib\libnds7.a(codec.twl.o)
 .debug_abbrev  0x0000000000002657      0x136 C:/devkitPro/libnds/lib\libnds7.a(systemShutDown.o)

.debug_line     0x0000000000000000     0x6939
 *(.debug_line)
 .debug_line    0x0000000000000000      0x513 C:/devkitPro/libnds/lib\libnds7.a(system.o)
 .debug_line    0x0000000000000513      0x7ea C:/devkitPro/libnds/lib\libnds7.a(clock.o)
 .debug_line    0x0000000000000cfd      0x2cc C:/devkitPro/libnds/lib\libnds7.a(spi.o)
 .debug_line    0x0000000000000fc9      0x5e0 C:/devkitPro/libnds/lib\libnds7.a(firmware.o)
 .debug_line    0x00000000000015a9      0x2b7 C:/devkitPro/libnds/lib\libnds7.a(userSettings.o)
 .debug_line    0x0000000000001860      0x34a C:/devkitPro/libnds/lib\libnds7.a(card.twl.o)
 .debug_line    0x0000000000001baa      0x30d C:/devkitPro/libnds/lib\libnds7.a(input.o)
 .debug_line    0x0000000000001eb7      0x83e C:/devkitPro/libnds/lib\libnds7.a(interrupts.o)
 .debug_line    0x00000000000026f5      0x20f C:/devkitPro/libnds/lib\libnds7.a(libnds_exit.arm.o)
 .debug_line    0x0000000000002904      0xffb C:/devkitPro/libnds/lib\libnds7.a(fifosystem.o)
 .debug_line    0x00000000000038ff       0x6b C:/devkitPro/libnds/lib\libnds7.a(intrwait.o)
 .debug_line    0x000000000000396a       0x86 C:/devkitPro/libnds/lib\libnds7.a(interruptDispatcher.o)
 .debug_line    0x00000000000039f0      0x1d3 C:/devkitPro/libnds/lib\libnds7.a(biosCalls.o)
 .debug_line    0x0000000000003bc3       0x50 C:/devkitPro/libnds/lib\libnds7.a(swiSoftReset.o)
 .debug_line    0x0000000000003c13      0x48f C:/devkitPro/libnds/lib\libnds7.a(i2c.twl.o)
 .debug_line    0x00000000000040a2     0x14cc C:/devkitPro/libnds/lib\libnds7.a(sdmmc.twl.o)
 .debug_line    0x000000000000556e      0xb43 C:/devkitPro/libnds/lib\libnds7.a(touch.o)
 .debug_line    0x00000000000060b1      0x650 C:/devkitPro/libnds/lib\libnds7.a(codec.twl.o)
 .debug_line    0x0000000000006701      0x238 C:/devkitPro/libnds/lib\libnds7.a(systemShutDown.o)

.debug_frame    0x0000000000000000      0xd40
 *(.debug_frame)
 .debug_frame   0x0000000000000000       0xa0 C:/devkitPro/libnds/lib\libnds7.a(system.o)
 .debug_frame   0x00000000000000a0      0x15c C:/devkitPro/libnds/lib\libnds7.a(clock.o)
 .debug_frame   0x00000000000001fc       0x44 C:/devkitPro/libnds/lib\libnds7.a(spi.o)
 .debug_frame   0x0000000000000240       0x9c C:/devkitPro/libnds/lib\libnds7.a(firmware.o)
 .debug_frame   0x00000000000002dc       0x34 C:/devkitPro/libnds/lib\libnds7.a(userSettings.o)
 .debug_frame   0x0000000000000310       0x50 C:/devkitPro/libnds/lib\libnds7.a(card.twl.o)
 .debug_frame   0x0000000000000360       0x30 C:/devkitPro/libnds/lib\libnds7.a(input.o)
 .debug_frame   0x0000000000000390      0x170 C:/devkitPro/libnds/lib\libnds7.a(interrupts.o)
 .debug_frame   0x0000000000000500       0x38 C:/devkitPro/libnds/lib\libnds7.a(libnds_exit.arm.o)
 .debug_frame   0x0000000000000538      0x268 C:/devkitPro/libnds/lib\libnds7.a(fifosystem.o)
 .debug_frame   0x00000000000007a0      0x104 C:/devkitPro/libnds/lib\libnds7.a(i2c.twl.o)
 .debug_frame   0x00000000000008a4      0x20c C:/devkitPro/libnds/lib\libnds7.a(sdmmc.twl.o)
 .debug_frame   0x0000000000000ab0      0x128 C:/devkitPro/libnds/lib\libnds7.a(touch.o)
 .debug_frame   0x0000000000000bd8      0x140 C:/devkitPro/libnds/lib\libnds7.a(codec.twl.o)
 .debug_frame   0x0000000000000d18       0x28 C:/devkitPro/libnds/lib\libnds7.a(systemShutDown.o)

.debug_str      0x0000000000000000     0x2659
 *(.debug_str)
 .debug_str     0x0000000000000000      0x72d C:/devkitPro/libnds/lib\libnds7.a(system.o)
                                        0x78e (size before relaxing)
 .debug_str     0x000000000000072d      0x278 C:/devkitPro/libnds/lib\libnds7.a(clock.o)
                                        0x5ac (size before relaxing)
 .debug_str     0x00000000000009a5       0x92 C:/devkitPro/libnds/lib\libnds7.a(spi.o)
                                        0x356 (size before relaxing)
 .debug_str     0x0000000000000a37      0x1e1 C:/devkitPro/libnds/lib\libnds7.a(firmware.o)
                                        0x513 (size before relaxing)
 .debug_str     0x0000000000000c18      0x225 C:/devkitPro/libnds/lib\libnds7.a(userSettings.o)
                                        0x44a (size before relaxing)
 .debug_str     0x0000000000000e3d       0x66 C:/devkitPro/libnds/lib\libnds7.a(card.twl.o)
                                        0x287 (size before relaxing)
 .debug_str     0x0000000000000ea3      0x1b5 C:/devkitPro/libnds/lib\libnds7.a(input.o)
                                        0x55a (size before relaxing)
 .debug_str     0x0000000000001058      0x2d2 C:/devkitPro/libnds/lib\libnds7.a(interrupts.o)
                                        0x758 (size before relaxing)
 .debug_str     0x000000000000132a      0x13c C:/devkitPro/libnds/lib\libnds7.a(libnds_exit.arm.o)
                                        0x346 (size before relaxing)
 .debug_str     0x0000000000001466      0x44a C:/devkitPro/libnds/lib\libnds7.a(fifosystem.o)
                                        0x8c2 (size before relaxing)
 .debug_str     0x00000000000018b0       0x17 C:/devkitPro/libnds/lib\libnds7.a(intrwait.o)
                                         0x6b (size before relaxing)
 .debug_str     0x00000000000018c7       0x16 C:/devkitPro/libnds/lib\libnds7.a(interruptDispatcher.o)
                                         0x76 (size before relaxing)
 .debug_str     0x00000000000018dd        0xc C:/devkitPro/libnds/lib\libnds7.a(biosCalls.o)
                                         0x6c (size before relaxing)
 .debug_str     0x00000000000018e9        0xf C:/devkitPro/libnds/lib\libnds7.a(swiSoftReset.o)
                                         0x6f (size before relaxing)
 .debug_str     0x00000000000018f8       0xdd C:/devkitPro/libnds/lib\libnds7.a(i2c.twl.o)
                                        0x30f (size before relaxing)
 .debug_str     0x00000000000019d5      0x35e C:/devkitPro/libnds/lib\libnds7.a(sdmmc.twl.o)
                                        0x89e (size before relaxing)
 .debug_str     0x0000000000001d33      0x77f C:/devkitPro/libnds/lib\libnds7.a(touch.o)
                                        0xb8a (size before relaxing)
 .debug_str     0x00000000000024b2      0x13b C:/devkitPro/libnds/lib\libnds7.a(codec.twl.o)
                                        0x363 (size before relaxing)
 .debug_str     0x00000000000025ed       0x6c C:/devkitPro/libnds/lib\libnds7.a(systemShutDown.o)
                                        0x40f (size before relaxing)

.debug_loc
 *(.debug_loc)

.debug_macinfo
 *(.debug_macinfo)

.debug_weaknames
 *(.debug_weaknames)

.debug_funcnames
 *(.debug_funcnames)

.debug_typenames
 *(.debug_typenames)

.debug_varnames
 *(.debug_varnames)
LOAD c:/devkitpro/devkitarm/bin/../lib/gcc/arm-none-eabi/12.1.0/../../../../arm-none-eabi/lib/thumb/ds_arm7_crt0.o
LOAD c:/devkitpro/devkitarm/bin/../lib/gcc/arm-none-eabi/12.1.0/thumb/crti.o
LOAD c:/devkitpro/devkitarm/bin/../lib/gcc/arm-none-eabi/12.1.0/thumb/crtbegin.o
LOAD template.o
LOAD C:/devkitPro/libnds/lib\libnds7.a
START GROUP
LOAD c:/devkitpro/devkitarm/bin/../lib/gcc/arm-none-eabi/12.1.0/thumb\libgcc.a
LOAD c:/devkitpro/devkitarm/bin/../lib/gcc/arm-none-eabi/12.1.0/../../../../arm-none-eabi/lib/thumb\libg.a
LOAD c:/devkitpro/devkitarm/bin/../lib/gcc/arm-none-eabi/12.1.0/../../../../arm-none-eabi/lib/thumb\libc.a
LOAD c:/devkitpro/devkitarm/bin/../lib/gcc/arm-none-eabi/12.1.0/../../../../arm-none-eabi/lib/thumb\libsysbase.a
END GROUP
LOAD c:/devkitpro/devkitarm/bin/../lib/gcc/arm-none-eabi/12.1.0/thumb/crtend.o
LOAD c:/devkitpro/devkitarm/bin/../lib/gcc/arm-none-eabi/12.1.0/thumb/crtn.o
OUTPUT(C:/Code/IkuReader/arm7/iku.elf elf32-littlearm)
LOAD linker stubs

.debug_loclists
                0x0000000000000000     0x35bf
 .debug_loclists
                0x0000000000000000      0x252 C:/devkitPro/libnds/lib\libnds7.a(system.o)
 .debug_loclists
                0x0000000000000252      0x4d3 C:/devkitPro/libnds/lib\libnds7.a(clock.o)
 .debug_loclists
                0x0000000000000725       0xb7 C:/devkitPro/libnds/lib\libnds7.a(spi.o)
 .debug_loclists
                0x00000000000007dc      0x2b7 C:/devkitPro/libnds/lib\libnds7.a(firmware.o)
 .debug_loclists
                0x0000000000000a93       0x50 C:/devkitPro/libnds/lib\libnds7.a(userSettings.o)
 .debug_loclists
                0x0000000000000ae3       0x76 C:/devkitPro/libnds/lib\libnds7.a(card.twl.o)
 .debug_loclists
                0x0000000000000b59       0x21 C:/devkitPro/libnds/lib\libnds7.a(input.o)
 .debug_loclists
                0x0000000000000b7a      0x315 C:/devkitPro/libnds/lib\libnds7.a(interrupts.o)
 .debug_loclists
                0x0000000000000e8f       0x37 C:/devkitPro/libnds/lib\libnds7.a(libnds_exit.arm.o)
 .debug_loclists
                0x0000000000000ec6      0xacc C:/devkitPro/libnds/lib\libnds7.a(fifosystem.o)
 .debug_loclists
                0x0000000000001992      0x122 C:/devkitPro/libnds/lib\libnds7.a(i2c.twl.o)
 .debug_loclists
                0x0000000000001ab4     0x1033 C:/devkitPro/libnds/lib\libnds7.a(sdmmc.twl.o)
 .debug_loclists
                0x0000000000002ae7      0x7b0 C:/devkitPro/libnds/lib\libnds7.a(touch.o)
 .debug_loclists
                0x0000000000003297      0x328 C:/devkitPro/libnds/lib\libnds7.a(codec.twl.o)

.debug_rnglists
                0x0000000000000000      0x867
 .debug_rnglists
                0x0000000000000000       0x3e C:/devkitPro/libnds/lib\libnds7.a(system.o)
 .debug_rnglists
                0x000000000000003e       0x51 C:/devkitPro/libnds/lib\libnds7.a(clock.o)
 .debug_rnglists
                0x000000000000008f       0x40 C:/devkitPro/libnds/lib\libnds7.a(spi.o)
 .debug_rnglists
                0x00000000000000cf       0x70 C:/devkitPro/libnds/lib\libnds7.a(firmware.o)
 .debug_rnglists
                0x000000000000013f       0x14 C:/devkitPro/libnds/lib\libnds7.a(userSettings.o)
 .debug_rnglists
                0x0000000000000153       0x4f C:/devkitPro/libnds/lib\libnds7.a(card.twl.o)
 .debug_rnglists
                0x00000000000001a2       0x14 C:/devkitPro/libnds/lib\libnds7.a(input.o)
 .debug_rnglists
                0x00000000000001b6       0xe8 C:/devkitPro/libnds/lib\libnds7.a(interrupts.o)
 .debug_rnglists
                0x000000000000029e       0x19 C:/devkitPro/libnds/lib\libnds7.a(libnds_exit.arm.o)
 .debug_rnglists
                0x00000000000002b7      0x149 C:/devkitPro/libnds/lib\libnds7.a(fifosystem.o)
 .debug_rnglists
                0x0000000000000400       0x19 C:/devkitPro/libnds/lib\libnds7.a(intrwait.o)
 .debug_rnglists
                0x0000000000000419       0x9d C:/devkitPro/libnds/lib\libnds7.a(biosCalls.o)
 .debug_rnglists
                0x00000000000004b6       0x58 C:/devkitPro/libnds/lib\libnds7.a(i2c.twl.o)
 .debug_rnglists
                0x000000000000050e      0x266 C:/devkitPro/libnds/lib\libnds7.a(sdmmc.twl.o)
 .debug_rnglists
                0x0000000000000774       0x8f C:/devkitPro/libnds/lib\libnds7.a(touch.o)
 .debug_rnglists
                0x0000000000000803       0x51 C:/devkitPro/libnds/lib\libnds7.a(codec.twl.o)
 .debug_rnglists
                0x0000000000000854       0x13 C:/devkitPro/libnds/lib\libnds7.a(systemShutDown.o)

.debug_line_str
                0x0000000000000000       0xf4
 .debug_line_str
                0x0000000000000000       0x66 C:/devkitPro/libnds/lib\libnds7.a(intrwait.o)
                                         0xcc (size before relaxing)
 .debug_line_str
                0x0000000000000066       0x73 C:/devkitPro/libnds/lib\libnds7.a(interruptDispatcher.o)
                                         0xe6 (size before relaxing)
 .debug_line_str
                0x00000000000000d9        0xc C:/devkitPro/libnds/lib\libnds7.a(biosCalls.o)
                                         0xd2 (size before relaxing)
 .debug_line_str
                0x00000000000000e5        0xf C:/devkitPro/libnds/lib\libnds7.a(swiSoftReset.o)
                                         0xd8 (size before relaxing)
